Creating test database for alias 'default'...
...F.
======================================================================
FAIL: test_order_list_shows_export_link_only_to_admin (orders.tests.ReportsAndExportTests.test_order_list_shows_export_link_only_to_admin)
----------------------------------------------------------------------
Traceback (most recent call last):
  File "/home/ashu/Documents/AI Cyber/Project-A-omnistock/orders/tests.py", line 1524, in test_order_list_shows_export_link_only_to_admin
    self.assertContains(response, 'Export Orders CSV')
AssertionError: False is not true : Couldn't find 'Export Orders CSV' in the following response
b'\n<!DOCTYPE html>\n<html lang="en">\n\n<head>\n    <meta charset="UTF-8">\n    <meta name="viewport" content="width=device-width, initial-scale=1.0">\n    <meta name="description" content="OmniStock inventory and order management">\n\n    <title>Orders - OmniStock</title>\n\n    <link rel="preconnect" href="https://fonts.googleapis.com">\n    <link rel="preconnect" href="https://fonts.gstatic.com" crossorigin>\n    <link href="https://fonts.googleapis.com/css2?family=Inter:wght@400;500;600;700&display=swap" rel="stylesheet">\n\n    <script src="https://cdn.tailwindcss.com"></script>\n    <script>\n        tailwind.config = {\n            theme: {\n                extend: {\n                    fontFamily: { sans: [\'Inter\', \'ui-sans-serif\', \'system-ui\'] },\n                },\n            },\n        };\n    </script>\n\n    <style>\n        :focus-visible {\n            outline: 2px solid #0f172a;\n            outline-offset: 2px;\n        }\n\n        ::-webkit-scrollbar {\n            width: 8px;\n            height: 8px;\n        }\n\n        ::-webkit-scrollbar-thumb {\n            background: #cbd5e1;\n            border-radius: 999px;\n        }\n\n        ::-webkit-scrollbar-track {\n            background: transparent;\n        }\n\n        #sidebar-toggle:checked+.app-shell #sidebar {\n            transform: translateX(0);\n        }\n\n        #sidebar-toggle:checked+.app-shell .sidebar-overlay {\n            display: block;\n        }\n\n        @media print {\n            .print\\:hidden {\n                display: none !important;\n            }\n\n            main {\n                padding: 0 !important;\n            }\n        }\n    </style>\n    \n</head>\n\n<body class="bg-gray-50 text-gray-900 font-sans antialiased">\n\n    \n\n    <!-- AUTHENTICATED APP -->\n    <input type="checkbox" id="sidebar-toggle" class="hidden peer">\n\n    <div class="app-shell min-h-screen flex">\n\n        <!-- SIDEBAR -->\n        <aside id="sidebar" class="fixed inset-y-0 left-0 z-40 w-64 bg-slate-900 text-white\n                   flex flex-col\n                   -translate-x-full lg:sticky lg:inset-auto lg:top-0 lg:h-screen lg:translate-x-0\n                   transition-transform duration-200 ease-out\n                   print:hidden">\n\n        <div class="flex h-[60px] items-center px-6 border-b border-slate-800">\n            <img src="/static/core/logo.svg" alt="OmniStock Logo" class="h-8 w-auto">\n        </div>\n\n            <nav class="flex-1 px-3 py-4 space-y-1 overflow-y-auto">\n\n                \n                <a href="/" class="flex items-center gap-3 px-3 py-2.5 rounded-lg text-sm font-medium\n                          transition-colors border-l-2\n                          \n                              border-transparent text-slate-300 hover:bg-slate-800 hover:text-white\n                          ">\n                    <svg class="w-4 h-4 shrink-0" viewBox="0 0 20 20" fill="none" stroke="currentColor"\n                        stroke-width="1.6">\n                        <rect x="3" y="3" width="6" height="6" rx="1" />\n                        <rect x="11" y="3" width="6" height="6" rx="1" />\n                        <rect x="3" y="11" width="6" height="6" rx="1" />\n                        <rect x="11" y="11" width="6" height="6" rx="1" />\n                    </svg>\n                    Dashboard\n                </a>\n\n                \n\n                \n                <a href="/inventory/products/" class="flex items-center gap-3 px-3 py-2.5 rounded-lg text-sm font-medium\n                              transition-colors border-l-2\n                              \n                                  border-transparent text-slate-300 hover:bg-slate-800 hover:text-white\n                              ">\n                    <svg class="w-4 h-4 shrink-0" viewBox="0 0 20 20" fill="none" stroke="currentColor"\n                        stroke-width="1.6">\n                        <path d="M3 6l7-3 7 3-7 3-7-3z" />\n                        <path d="M3 6v8l7 3 7-3V6" />\n                        <path d="M10 9v8" />\n                    </svg>\n                    Products\n                </a>\n\n                \n                <a href="/inventory/suppliers/" class="flex items-center gap-3 px-3 py-2.5 rounded-lg text-sm font-medium\n                              transition-colors border-l-2\n                              \n                                  border-transparent text-slate-300 hover:bg-slate-800 hover:text-white\n                              ">\n                    <svg class="w-4 h-4 shrink-0" viewBox="0 0 20 20" fill="none" stroke="currentColor"\n                        stroke-width="1.6">\n                        <path d="M3 13V7a1 1 0 011-1h7v7" />\n                        <path d="M11 9h3l3 3v4h-6" />\n                        <circle cx="6" cy="16" r="1.5" />\n                        <circle cx="14" cy="16" r="1.5" />\n                    </svg>\n                     Suppliers\n                </a>\n\n                \n                <a href="/inventory/purchase-orders/" class="flex items-center gap-3 px-3 py-2.5 rounded-lg text-sm font-medium\n                              transition-colors border-l-2\n                              \n                                  border-transparent text-slate-300 hover:bg-slate-800 hover:text-white\n                              ">\n                    <svg class="w-4 h-4 shrink-0" viewBox="0 0 20 20" fill="none" stroke="currentColor"\n                        stroke-width="1.6">\n                        <path d="M3 3h14v14H3z"/><path d="M7 8h6M7 11h6M7 14h3"/>\n                    </svg>\n                    Purchase Orders\n                </a>\n\n                \n\n                \n                <a href="/orders/" class="flex items-center gap-3 px-3 py-2.5 rounded-lg text-sm font-medium\n                          transition-colors border-l-2\n                          \n                              bg-slate-800 border-slate-100 text-white\n                          ">\n                    <svg class="w-4 h-4 shrink-0" viewBox="0 0 20 20" fill="none" stroke="currentColor"\n                        stroke-width="1.6">\n                        <path d="M4 4h12l-1 9H5L4 4z" />\n                        <path d="M4 4L3 2H1" />\n                        <circle cx="7" cy="17" r="1.2" />\n                        <circle cx="14" cy="17" r="1.2" />\n                    </svg>\n                    Orders\n                </a>\n\n                \n                    \n                    <a href="/reports/"\n                       class="flex items-center gap-3 px-3 py-2.5 rounded-lg text-sm font-medium\n                              transition-colors border-l-2\n                              \n                                  border-transparent text-slate-300 hover:bg-slate-800 hover:text-white\n                              ">\n                        <svg class="w-4 h-4 shrink-0" viewBox="0 0 20 20" fill="none" stroke="currentColor" stroke-width="1.6">\n                            <path d="M4 4h12v12H4z"/>\n                            <path d="M7 8h6M7 11h6M7 14h3"/>\n                        </svg>\n                        Reports\n                    </a>\n                \n\n\n                \n\n            </nav>\n\n            <!-- USER SECTION -->\n            <div class="p-4 border-t border-slate-800">\n\n                <div class="flex items-center gap-3 mb-3">\n                    <div\n                        class="w-9 h-9 rounded-full bg-slate-700 flex items-center justify-center text-sm font-semibold shrink-0">\n                        R\n                    </div>\n                    <div class="min-w-0">\n                        <div class="text-sm font-medium truncate">reports_admin</div>\n                        <div class="text-xs text-slate-400">ADMIN</div>\n                    </div>\n                </div>\n\n                <form method="post" action="/logout/">\n                    <input type="hidden" name="csrfmiddlewaretoken" value="x99aQBAmGH6KNsq2SxGQo3s13gZSF4loBSEIYDp05ePVNxczfV1KbATKXwHEHtja">\n                    <button type="submit" class="w-full flex items-center gap-2 text-sm text-slate-300\n                               hover:text-white transition-colors">\n                        <svg class="w-4 h-4" viewBox="0 0 20 20" fill="none" stroke="currentColor" stroke-width="1.6">\n                            <path d="M8 4H4v12h4" />\n                            <path d="M13 14l4-4-4-4" />\n                            <path d="M17 10H8" />\n                        </svg>\n                        Log out\n                    </button>\n                </form>\n\n            </div>\n\n        </aside>\n\n        <!-- MOBILE OVERLAY -->\n        <label for="sidebar-toggle"\n            class="sidebar-overlay fixed inset-0 bg-slate-900/40 z-30 hidden lg:!hidden print:hidden"></label>\n\n        <!-- MAIN AREA -->\n        <div class="flex-1 flex flex-col min-w-0">\n\n            <!-- HEADER -->\n            <header class="sticky top-0 z-20 bg-white/90 backdrop-blur border-b border-gray-200\n                           px-4 sm:px-8 py-4 flex justify-between items-center print:hidden">\n\n                <div class="flex items-center gap-3">\n                    <label for="sidebar-toggle" class="lg:hidden -ml-1 p-2 rounded-lg hover:bg-gray-100 cursor-pointer">\n                        <svg class="w-5 h-5" viewBox="0 0 20 20" fill="none" stroke="currentColor" stroke-width="1.6">\n                            <path d="M3 5h14M3 10h14M3 15h14" />\n                        </svg>\n                    </label>\n                    <h1 class="text-lg sm:text-xl font-semibold text-gray-900">\n                        Orders\n                    </h1>\n                </div>\n\n                <div class="text-sm text-gray-400">\n                    OmniStock\n                </div>\n\n            </header>\n\n            <!-- CONTENT -->\n            <main class="flex-1 p-4 sm:p-8">\n                \n                \n\n<div class="space-y-6">\n\n    <div class="flex flex-col sm:flex-row sm:items-center sm:justify-between gap-4">\n        <div>\n            <h2 class="text-2xl font-bold text-gray-900">Orders</h2>\n            <p class="mt-1 text-sm text-gray-500">Manage customer orders and invoices.</p>\n        </div>\n\n        <div class="flex items-center gap-3">\n\n            <a href="/orders/create/"\n               class="inline-flex items-center justify-center gap-1.5\n                      bg-slate-900 text-white\n                      px-5 py-2.5 rounded-lg\n                      font-medium text-sm\n                      hover:bg-slate-800 active:bg-slate-950\n                      transition-colors shadow-sm">\n                <svg class="w-4 h-4" viewBox="0 0 20 20" fill="none" stroke="currentColor" stroke-width="1.8">\n                    <path d="M10 4v12M4 10h12"/>\n                </svg>\n                Create order\n            </a>\n        </div>\n    </div>\n\n\n    <div class="bg-white border border-gray-200 rounded-xl shadow-sm overflow-hidden">\n\n        \n\n            <!-- Desktop table -->\n            <div class="hidden md:block overflow-x-auto">\n                <table class="w-full text-sm text-left">\n                    <thead class="bg-gray-50 border-b border-gray-200 sticky top-0">\n                        <tr>\n                            <th class="px-6 py-4 font-semibold text-gray-600">ID</th>\n                            <th class="px-6 py-4 font-semibold text-gray-600">Customer</th>\n                            <th class="px-6 py-4 font-semibold text-gray-600">Product</th>\n                            <th class="px-6 py-4 font-semibold text-gray-600">Qty</th>\n                            <th class="px-6 py-4 font-semibold text-gray-600">Status</th>\n                            <th class="px-6 py-4 font-semibold text-gray-600">Total</th>\n                            <th class="px-6 py-4 font-semibold text-gray-600">Created</th>\n                            <th class="px-6 py-4 font-semibold text-gray-600 text-right">Actions</th>\n                        </tr>\n                    </thead>\n                    <tbody class="divide-y divide-gray-100">\n                        \n                            <tr class="hover:bg-gray-50 transition-colors">\n                                <td class="px-6 py-4 font-semibold text-gray-900">#3</td>\n                                <td class="px-6 py-4 text-gray-700">February Customer</td>\n                                <td class="px-6 py-4 text-gray-700">\n                                    \n                                        <div>Prod B</div>\n                                    \n                                </td>\n                                <td class="px-6 py-4 text-gray-700">\n                                    \n                                        <div>10</div>\n                                    \n                                </td>\n                                <td class="px-6 py-4">\n                                    \n                                        <span class="inline-flex items-center px-2.5 py-1 rounded-full text-xs font-semibold bg-green-100 text-green-700">Completed</span>\n                                    \n                                </td>\n                                <td class="px-6 py-4 font-semibold text-gray-900">$300.00</td>\n                                <td class="px-6 py-4 text-gray-500 whitespace-nowrap">Feb 10, 2026 00:00</td>\n                                <td class="px-6 py-4">\n                                    <div class="flex justify-end items-center gap-2">\n                                        <a href="/orders/3/invoice/"\n                                           class="px-3 py-1.5 rounded-md text-xs font-medium text-blue-600 bg-blue-50 hover:bg-blue-100 transition-colors">\n                                            Invoice\n                                        </a>\n                                        \n                                            <form method="post" action="/orders/3/cancel/" class="inline">\n                                                <input type="hidden" name="csrfmiddlewaretoken" value="x99aQBAmGH6KNsq2SxGQo3s13gZSF4loBSEIYDp05ePVNxczfV1KbATKXwHEHtja">\n                                                <button type="submit"\n                                                    class="px-3 py-1.5 rounded-md text-xs font-medium text-red-600 bg-red-50 hover:bg-red-100 transition-colors">\n                                                    Cancel\n                                                </button>\n                                            </form>\n                                        \n                                    </div>\n                                </td>\n                            </tr>\n                        \n                            <tr class="hover:bg-gray-50 transition-colors">\n                                <td class="px-6 py-4 font-semibold text-gray-900">#2</td>\n                                <td class="px-6 py-4 text-gray-700">Second January Customer</td>\n                                <td class="px-6 py-4 text-gray-700">\n                                    \n                                        <div>Prod A</div>\n                                    \n                                </td>\n                                <td class="px-6 py-4 text-gray-700">\n                                    \n                                        <div>3</div>\n                                    \n                                </td>\n                                <td class="px-6 py-4">\n                                    \n                                        <span class="inline-flex items-center px-2.5 py-1 rounded-full text-xs font-semibold bg-green-100 text-green-700">Completed</span>\n                                    \n                                </td>\n                                <td class="px-6 py-4 font-semibold text-gray-900">$74.50</td>\n                                <td class="px-6 py-4 text-gray-500 whitespace-nowrap">Jan 28, 2026 00:00</td>\n                                <td class="px-6 py-4">\n                                    <div class="flex justify-end items-center gap-2">\n                                        <a href="/orders/2/invoice/"\n                                           class="px-3 py-1.5 rounded-md text-xs font-medium text-blue-600 bg-blue-50 hover:bg-blue-100 transition-colors">\n                                            Invoice\n                                        </a>\n                                        \n                                            <form method="post" action="/orders/2/cancel/" class="inline">\n                                                <input type="hidden" name="csrfmiddlewaretoken" value="x99aQBAmGH6KNsq2SxGQo3s13gZSF4loBSEIYDp05ePVNxczfV1KbATKXwHEHtja">\n                                                <button type="submit"\n                                                    class="px-3 py-1.5 rounded-md text-xs font-medium text-red-600 bg-red-50 hover:bg-red-100 transition-colors">\n                                                    Cancel\n                                                </button>\n                                            </form>\n                                        \n                                    </div>\n                                </td>\n                            </tr>\n                        \n                            <tr class="hover:bg-gray-50 transition-colors">\n                                <td class="px-6 py-4 font-semibold text-gray-900">#5</td>\n                                <td class="px-6 py-4 text-gray-700">Cancelled Customer</td>\n                                <td class="px-6 py-4 text-gray-700">\n                                    \n                                        <div>Prod B</div>\n                                    \n                                </td>\n                                <td class="px-6 py-4 text-gray-700">\n                                    \n                                        <div>100</div>\n                                    \n                                </td>\n                                <td class="px-6 py-4">\n                                    \n                                        <span class="inline-flex items-center px-2.5 py-1 rounded-full text-xs font-semibold bg-red-100 text-red-700">Cancelled</span>\n                                    \n                                </td>\n                                <td class="px-6 py-4 font-semibold text-gray-900">$100.00</td>\n                                <td class="px-6 py-4 text-gray-500 whitespace-nowrap">Jan 21, 2026 00:00</td>\n                                <td class="px-6 py-4">\n                                    <div class="flex justify-end items-center gap-2">\n                                        <a href="/orders/5/invoice/"\n                                           class="px-3 py-1.5 rounded-md text-xs font-medium text-blue-600 bg-blue-50 hover:bg-blue-100 transition-colors">\n                                            Invoice\n                                        </a>\n                                        \n                                    </div>\n                                </td>\n                            </tr>\n                        \n                            <tr class="hover:bg-gray-50 transition-colors">\n                                <td class="px-6 py-4 font-semibold text-gray-900">#4</td>\n                                <td class="px-6 py-4 text-gray-700">Pending Customer</td>\n                                <td class="px-6 py-4 text-gray-700">\n                                    \n                                        <div>Prod A</div>\n                                    \n                                </td>\n                                <td class="px-6 py-4 text-gray-700">\n                                    \n                                        <div>50</div>\n                                    \n                                </td>\n                                <td class="px-6 py-4">\n                                    \n                                        <span class="inline-flex items-center px-2.5 py-1 rounded-full text-xs font-semibold bg-gray-100 text-gray-700">pending</span>\n                                    \n                                </td>\n                                <td class="px-6 py-4 font-semibold text-gray-900">$999.00</td>\n                                <td class="px-6 py-4 text-gray-500 whitespace-nowrap">Jan 20, 2026 00:00</td>\n                                <td class="px-6 py-4">\n                                    <div class="flex justify-end items-center gap-2">\n                                        <a href="/orders/4/invoice/"\n                                           class="px-3 py-1.5 rounded-md text-xs font-medium text-blue-600 bg-blue-50 hover:bg-blue-100 transition-colors">\n                                            Invoice\n                                        </a>\n                                        \n                                    </div>\n                                </td>\n                            </tr>\n                        \n                            <tr class="hover:bg-gray-50 transition-colors">\n                                <td class="px-6 py-4 font-semibold text-gray-900">#1</td>\n                                <td class="px-6 py-4 text-gray-700">January Customer</td>\n                                <td class="px-6 py-4 text-gray-700">\n                                    \n                                        <div>Prod A</div>\n                                    \n                                        <div>Prod B</div>\n                                    \n                                </td>\n                                <td class="px-6 py-4 text-gray-700">\n                                    \n                                        <div>5</div>\n                                    \n                                        <div>2</div>\n                                    \n                                </td>\n                                <td class="px-6 py-4">\n                                    \n                                        <span class="inline-flex items-center px-2.5 py-1 rounded-full text-xs font-semibold bg-green-100 text-green-700">Completed</span>\n                                    \n                                </td>\n                                <td class="px-6 py-4 font-semibold text-gray-900">$125.50</td>\n                                <td class="px-6 py-4 text-gray-500 whitespace-nowrap">Jan 15, 2026 00:00</td>\n                                <td class="px-6 py-4">\n                                    <div class="flex justify-end items-center gap-2">\n                                        <a href="/orders/1/invoice/"\n                                           class="px-3 py-1.5 rounded-md text-xs font-medium text-blue-600 bg-blue-50 hover:bg-blue-100 transition-colors">\n                                            Invoice\n                                        </a>\n                                        \n                                            <form method="post" action="/orders/1/cancel/" class="inline">\n                                                <input type="hidden" name="csrfmiddlewaretoken" value="x99aQBAmGH6KNsq2SxGQo3s13gZSF4loBSEIYDp05ePVNxczfV1KbATKXwHEHtja">\n                                                <button type="submit"\n                                                    class="px-3 py-1.5 rounded-md text-xs font-medium text-red-600 bg-red-50 hover:bg-red-100 transition-colors">\n                                                    Cancel\n                                                </button>\n                                            </form>\n                                        \n                                    </div>\n                                </td>\n                            </tr>\n                        \n                    </tbody>\n                </table>\n            </div>\n\n            <!-- Mobile cards -->\n            <div class="md:hidden divide-y divide-gray-100">\n                \n                    <div class="p-4 space-y-3">\n                        <div class="flex items-center justify-between">\n                            <span class="font-semibold text-gray-900">#3</span>\n                            \n                                <span class="inline-flex items-center px-2.5 py-1 rounded-full text-xs font-semibold bg-green-100 text-green-700">Completed</span>\n                            \n                        </div>\n                        <div class="text-sm text-gray-700">\n                            <div class="flex justify-between py-0.5"><span class="text-gray-500">Customer</span><span>February Customer</span></div>\n                            <div class="flex justify-between py-0.5">\n                                <span class="text-gray-500">Product</span>\n                                <span class="text-right">\n                                    \n                                        <div>Prod B (x10)</div>\n                                    \n                                </span>\n                            </div>\n                            <div class="flex justify-between py-0.5"><span class="text-gray-500">Total</span><span class="font-semibold text-gray-900">$300.00</span></div>\n                            <div class="flex justify-between py-0.5"><span class="text-gray-500">Created</span><span>Feb 10, 2026 00:00</span></div>\n                        </div>\n                        <div class="flex items-center gap-2 pt-1">\n                            <a href="/orders/3/invoice/"\n                               class="flex-1 text-center px-3 py-2 rounded-md text-xs font-medium text-blue-600 bg-blue-50">\n                                Invoice\n                            </a>\n                            \n                                <form method="post" action="/orders/3/cancel/" class="flex-1">\n                                    <input type="hidden" name="csrfmiddlewaretoken" value="x99aQBAmGH6KNsq2SxGQo3s13gZSF4loBSEIYDp05ePVNxczfV1KbATKXwHEHtja">\n                                    <button type="submit"\n                                        class="w-full px-3 py-2 rounded-md text-xs font-medium text-red-600 bg-red-50">\n                                        Cancel\n                                    </button>\n                                </form>\n                            \n                        </div>\n                    </div>\n                \n                    <div class="p-4 space-y-3">\n                        <div class="flex items-center justify-between">\n                            <span class="font-semibold text-gray-900">#2</span>\n                            \n                                <span class="inline-flex items-center px-2.5 py-1 rounded-full text-xs font-semibold bg-green-100 text-green-700">Completed</span>\n                            \n                        </div>\n                        <div class="text-sm text-gray-700">\n                            <div class="flex justify-between py-0.5"><span class="text-gray-500">Customer</span><span>Second January Customer</span></div>\n                            <div class="flex justify-between py-0.5">\n                                <span class="text-gray-500">Product</span>\n                                <span class="text-right">\n                                    \n                                        <div>Prod A (x3)</div>\n                                    \n                                </span>\n                            </div>\n                            <div class="flex justify-between py-0.5"><span class="text-gray-500">Total</span><span class="font-semibold text-gray-900">$74.50</span></div>\n                            <div class="flex justify-between py-0.5"><span class="text-gray-500">Created</span><span>Jan 28, 2026 00:00</span></div>\n                        </div>\n                        <div class="flex items-center gap-2 pt-1">\n                            <a href="/orders/2/invoice/"\n                               class="flex-1 text-center px-3 py-2 rounded-md text-xs font-medium text-blue-600 bg-blue-50">\n                                Invoice\n                            </a>\n                            \n                                <form method="post" action="/orders/2/cancel/" class="flex-1">\n                                    <input type="hidden" name="csrfmiddlewaretoken" value="x99aQBAmGH6KNsq2SxGQo3s13gZSF4loBSEIYDp05ePVNxczfV1KbATKXwHEHtja">\n                                    <button type="submit"\n                                        class="w-full px-3 py-2 rounded-md text-xs font-medium text-red-600 bg-red-50">\n                                        Cancel\n                                    </button>\n                                </form>\n                            \n                        </div>\n                    </div>\n                \n                    <div class="p-4 space-y-3">\n                        <div class="flex items-center justify-between">\n                            <span class="font-semibold text-gray-900">#5</span>\n                            \n                                <span class="inline-flex items-center px-2.5 py-1 rounded-full text-xs font-semibold bg-red-100 text-red-700">Cancelled</span>\n                            \n                        </div>\n                        <div class="text-sm text-gray-700">\n                            <div class="flex justify-between py-0.5"><span class="text-gray-500">Customer</span><span>Cancelled Customer</span></div>\n                            <div class="flex justify-between py-0.5">\n                                <span class="text-gray-500">Product</span>\n                                <span class="text-right">\n                                    \n                                        <div>Prod B (x100)</div>\n                                    \n                                </span>\n                            </div>\n                            <div class="flex justify-between py-0.5"><span class="text-gray-500">Total</span><span class="font-semibold text-gray-900">$100.00</span></div>\n                            <div class="flex justify-between py-0.5"><span class="text-gray-500">Created</span><span>Jan 21, 2026 00:00</span></div>\n                        </div>\n                        <div class="flex items-center gap-2 pt-1">\n                            <a href="/orders/5/invoice/"\n                               class="flex-1 text-center px-3 py-2 rounded-md text-xs font-medium text-blue-600 bg-blue-50">\n                                Invoice\n                            </a>\n                            \n                        </div>\n                    </div>\n                \n                    <div class="p-4 space-y-3">\n                        <div class="flex items-center justify-between">\n                            <span class="font-semibold text-gray-900">#4</span>\n                            \n                                <span class="inline-flex items-center px-2.5 py-1 rounded-full text-xs font-semibold bg-gray-100 text-gray-700">pending</span>\n                            \n                        </div>\n                        <div class="text-sm text-gray-700">\n                            <div class="flex justify-between py-0.5"><span class="text-gray-500">Customer</span><span>Pending Customer</span></div>\n                            <div class="flex justify-between py-0.5">\n                                <span class="text-gray-500">Product</span>\n                                <span class="text-right">\n                                    \n                                        <div>Prod A (x50)</div>\n                                    \n                                </span>\n                            </div>\n                            <div class="flex justify-between py-0.5"><span class="text-gray-500">Total</span><span class="font-semibold text-gray-900">$999.00</span></div>\n                            <div class="flex justify-between py-0.5"><span class="text-gray-500">Created</span><span>Jan 20, 2026 00:00</span></div>\n                        </div>\n                        <div class="flex items-center gap-2 pt-1">\n                            <a href="/orders/4/invoice/"\n                               class="flex-1 text-center px-3 py-2 rounded-md text-xs font-medium text-blue-600 bg-blue-50">\n                                Invoice\n                            </a>\n                            \n                        </div>\n                    </div>\n                \n                    <div class="p-4 space-y-3">\n                        <div class="flex items-center justify-between">\n                            <span class="font-semibold text-gray-900">#1</span>\n                            \n                                <span class="inline-flex items-center px-2.5 py-1 rounded-full text-xs font-semibold bg-green-100 text-green-700">Completed</span>\n                            \n                        </div>\n                        <div class="text-sm text-gray-700">\n                            <div class="flex justify-between py-0.5"><span class="text-gray-500">Customer</span><span>January Customer</span></div>\n                            <div class="flex justify-between py-0.5">\n                                <span class="text-gray-500">Product</span>\n                                <span class="text-right">\n                                    \n                                        <div>Prod A (x5)</div>\n                                    \n                                        <div>Prod B (x2)</div>\n                                    \n                                </span>\n                            </div>\n                            <div class="flex justify-between py-0.5"><span class="text-gray-500">Total</span><span class="font-semibold text-gray-900">$125.50</span></div>\n                            <div class="flex justify-between py-0.5"><span class="text-gray-500">Created</span><span>Jan 15, 2026 00:00</span></div>\n                        </div>\n                        <div class="flex items-center gap-2 pt-1">\n                            <a href="/orders/1/invoice/"\n                               class="flex-1 text-center px-3 py-2 rounded-md text-xs font-medium text-blue-600 bg-blue-50">\n                                Invoice\n                            </a>\n                            \n                                <form method="post" action="/orders/1/cancel/" class="flex-1">\n                                    <input type="hidden" name="csrfmiddlewaretoken" value="x99aQBAmGH6KNsq2SxGQo3s13gZSF4loBSEIYDp05ePVNxczfV1KbATKXwHEHtja">\n                                    <button type="submit"\n                                        class="w-full px-3 py-2 rounded-md text-xs font-medium text-red-600 bg-red-50">\n                                        Cancel\n                                    </button>\n                                </form>\n                            \n                        </div>\n                    </div>\n                \n            </div>\n\n        \n\n    </div>\n\n</div>\n\n\n            </main>\n\n            <!-- FOOTER -->\n            <footer class="bg-white border-t border-gray-200 px-8 py-4\n                           text-sm text-gray-400 text-center print:hidden">\n                &copy; 2026 OmniStock. All rights reserved.\n            </footer>\n\n        </div>\n\n    </div>\n\n    \n\n</body>\n\n</html>'

----------------------------------------------------------------------
Ran 5 tests in 3.091s

FAILED (failures=1)
Destroying test database for alias 'default'...
Found 5 test(s).
System check identified no issues (0 silenced).
